
> paybills-frontend@0.1.0 build
> next build

  Γû▓ Next.js 14.2.3
  - Environments: .env.local

   Creating an optimized production build ...
 Γ£ô Compiled successfully
   Linting and checking validity of types ...

./src/components/Footer.tsx
51:33  Warning: Using `<img>` could result in slower LCP and higher bandwidth. Consider using `<Image />` from `next/image` to automatically optimize images. This may incur additional usage or cost from your provider. See: https://nextjs.org/docs/messages/no-img-element  @next/next/no-img-element
54:33  Warning: Using `<img>` could result in slower LCP and higher bandwidth. Consider using `<Image />` from `next/image` to automatically optimize images. This may incur additional usage or cost from your provider. See: https://nextjs.org/docs/messages/no-img-element  @next/next/no-img-element

./src/components/VirtualNumberDashboard.tsx
74:8  Warning: React Hook useEffect has a missing dependency: 'fetchMessages'. Either include it or remove the dependency array.  react-hooks/exhaustive-deps

info  - Need to disable some ESLint rules? Learn more here: https://nextjs.org/docs/basic-features/eslint#disabling-rules
   Collecting page data ...
   Generating static pages (0/39) ...
node.exe :  ΓÜá 
metadataBase property 
in metadata export is 
not set for resolving 
social open graph or 
twitter images, using 
"http://localhost:3000
". See https://nextjs.
org/docs/app/api-refer
ence/functions/generat
e-metadata#metadatabas
e
At line:1 char:1
+ & "C:\Program Files\
nodejs/node.exe" 
"C:\Program 
Files\nodejs/node_mo 
...
+ ~~~~~~~~~~~~~~~~~~~~
~~~~~~~~~~~~~~~~~~~~~~
~~~~~~~~~~~~~~~~~~~~~~
~~~~~
    + CategoryInfo    
          : NotSpeci  
  fied: ( ΓÜá metad   
 ataBa...ta#metada    
tabase:String) []    
, RemoteException
    + FullyQualifiedE 
   rrorId : NativeCo  
  mmandError
 
 ΓÜá Unsupported 
metadata themeColor 
is configured in 
metadata export in 
/_not-found. Please 
move it to viewport 
export instead.
Read more: https://nex
tjs.org/docs/app/api-r
eference/functions/gen
erate-viewport
 ΓÜá Unsupported 
metadata viewport is 
configured in 
metadata export in 
/_not-found. Please 
move it to viewport 
export instead.
Read more: https://nex
tjs.org/docs/app/api-r
eference/functions/gen
erate-viewport
 ΓÜá Unsupported 
metadata themeColor 
is configured in 
metadata export in 
/_not-found. Please 
move it to viewport 
export instead.
Read more: https://nex
tjs.org/docs/app/api-r
eference/functions/gen
erate-viewport
 ΓÜá Unsupported 
metadata viewport is 
configured in 
metadata export in 
/_not-found. Please 
move it to viewport 
export instead.
Read more: https://nex
tjs.org/docs/app/api-r
eference/functions/gen
erate-viewport
 ΓÜá metadataBase 
property in metadata 
export is not set for 
resolving social open 
graph or twitter 
images, using "http://
localhost:3000". See h
ttps://nextjs.org/docs
/app/api-reference/fun
ctions/generate-metada
ta#metadatabase
 ΓÜá Unsupported 
metadata themeColor 
is configured in 
metadata export in 
/admin/transactions. 
Please move it to 
viewport export 
instead.
Read more: https://nex
tjs.org/docs/app/api-r
eference/functions/gen
erate-viewport
 ΓÜá Unsupported 
metadata viewport is 
configured in 
metadata export in 
/admin/transactions. 
Please move it to 
viewport export 
instead.
Read more: https://nex
tjs.org/docs/app/api-r
eference/functions/gen
erate-viewport
 ΓÜá Unsupported 
metadata themeColor 
is configured in 
metadata export in 
/admin/transactions. 
Please move it to 
viewport export 
instead.
Read more: https://nex
tjs.org/docs/app/api-r
eference/functions/gen
erate-viewport
 ΓÜá Unsupported 
metadata viewport is 
configured in 
metadata export in 
/admin/transactions. 
Please move it to 
viewport export 
instead.
Read more: https://nex
tjs.org/docs/app/api-r
eference/functions/gen
erate-viewport
 ΓÜá metadataBase 
property in metadata 
export is not set for 
resolving social open 
graph or twitter 
images, using "http://
localhost:3000". See h
ttps://nextjs.org/docs
/app/api-reference/fun
ctions/generate-metada
ta#metadatabase
 ΓÜá Unsupported 
metadata themeColor 
is configured in 
metadata export in 
/auth/login. Please 
move it to viewport 
export instead.
Read more: https://nex
tjs.org/docs/app/api-r
eference/functions/gen
erate-viewport
 ΓÜá Unsupported 
metadata viewport is 
configured in 
metadata export in 
/auth/login. Please 
move it to viewport 
export instead.
Read more: https://nex
tjs.org/docs/app/api-r
eference/functions/gen
erate-viewport
 ΓÜá Unsupported 
metadata themeColor 
is configured in 
metadata export in 
/auth/login. Please 
move it to viewport 
export instead.
Read more: https://nex
tjs.org/docs/app/api-r
eference/functions/gen
erate-viewport
 ΓÜá Unsupported 
metadata viewport is 
configured in 
metadata export in 
/auth/login. Please 
move it to viewport 
export instead.
Read more: https://nex
tjs.org/docs/app/api-r
eference/functions/gen
erate-viewport
 ΓÜá metadataBase 
property in metadata 
export is not set for 
resolving social open 
graph or twitter 
images, using "http://
localhost:3000". See h
ttps://nextjs.org/docs
/app/api-reference/fun
ctions/generate-metada
ta#metadatabase
 ΓÜá Unsupported 
metadata themeColor 
is configured in 
metadata export in 
/admin/users. Please 
move it to viewport 
export instead.
Read more: https://nex
tjs.org/docs/app/api-r
eference/functions/gen
erate-viewport
 ΓÜá Unsupported 
metadata viewport is 
configured in 
metadata export in 
/admin/users. Please 
move it to viewport 
export instead.
Read more: https://nex
tjs.org/docs/app/api-r
eference/functions/gen
erate-viewport
 ΓÜá Unsupported 
metadata themeColor 
is configured in 
metadata export in 
/admin/users. Please 
move it to viewport 
export instead.
Read more: https://nex
tjs.org/docs/app/api-r
eference/functions/gen
erate-viewport
 ΓÜá Unsupported 
metadata viewport is 
configured in 
metadata export in 
/admin/users. Please 
move it to viewport 
export instead.
Read more: https://nex
tjs.org/docs/app/api-r
eference/functions/gen
erate-viewport
 ΓÜá metadataBase 
property in metadata 
export is not set for 
resolving social open 
graph or twitter 
images, using "http://
localhost:3000". See h
ttps://nextjs.org/docs
/app/api-reference/fun
ctions/generate-metada
ta#metadatabase
 ΓÜá Unsupported 
metadata themeColor 
is configured in 
metadata export in 
/admin/software. 
Please move it to 
viewport export 
instead.
Read more: https://nex
tjs.org/docs/app/api-r
eference/functions/gen
erate-viewport
 ΓÜá Unsupported 
metadata viewport is 
configured in 
metadata export in 
/admin/software. 
Please move it to 
viewport export 
instead.
Read more: https://nex
tjs.org/docs/app/api-r
eference/functions/gen
erate-viewport
 ΓÜá Unsupported 
metadata themeColor 
is configured in 
metadata export in 
/admin/software. 
Please move it to 
viewport export 
instead.
Read more: https://nex
tjs.org/docs/app/api-r
eference/functions/gen
erate-viewport
 ΓÜá Unsupported 
metadata viewport is 
configured in 
metadata export in 
/admin/software. 
Please move it to 
viewport export 
instead.
Read more: https://nex
tjs.org/docs/app/api-r
eference/functions/gen
erate-viewport
 ΓÜá metadataBase 
property in metadata 
export is not set for 
resolving social open 
graph or twitter 
images, using "http://
localhost:3000". See h
ttps://nextjs.org/docs
/app/api-reference/fun
ctions/generate-metada
ta#metadatabase
 ΓÜá Unsupported 
metadata themeColor 
is configured in 
metadata export in 
/auth/register. 
Please move it to 
viewport export 
instead.
Read more: https://nex
tjs.org/docs/app/api-r
eference/functions/gen
erate-viewport
 ΓÜá Unsupported 
metadata viewport is 
configured in 
metadata export in 
/auth/register. 
Please move it to 
viewport export 
instead.
Read more: https://nex
tjs.org/docs/app/api-r
eference/functions/gen
erate-viewport
 ΓÜá Unsupported 
metadata themeColor 
is configured in 
metadata export in 
/auth/register. 
Please move it to 
viewport export 
instead.
Read more: https://nex
tjs.org/docs/app/api-r
eference/functions/gen
erate-viewport
 ΓÜá Unsupported 
metadata viewport is 
configured in 
metadata export in 
/auth/register. 
Please move it to 
viewport export 
instead.
Read more: https://nex
tjs.org/docs/app/api-r
eference/functions/gen
erate-viewport
   Generating static pages (9/39) 
 ΓÜá Unsupported 
metadata themeColor 
is configured in 
metadata export in 
/admin/dashboard. 
Please move it to 
viewport export 
instead.
Read more: https://nex
tjs.org/docs/app/api-r
eference/functions/gen
erate-viewport
 ΓÜá Unsupported 
metadata viewport is 
configured in 
metadata export in 
/admin/dashboard. 
Please move it to 
viewport export 
instead.
Read more: https://nex
tjs.org/docs/app/api-r
eference/functions/gen
erate-viewport
 ΓÜá Unsupported 
metadata themeColor 
is configured in 
metadata export in 
/admin/dashboard. 
Please move it to 
viewport export 
instead.
Read more: https://nex
tjs.org/docs/app/api-r
eference/functions/gen
erate-viewport
 ΓÜá Unsupported 
metadata viewport is 
configured in 
metadata export in 
/admin/dashboard. 
Please move it to 
viewport export 
instead.
Read more: https://nex
tjs.org/docs/app/api-r
eference/functions/gen
erate-viewport
 ΓÜá Unsupported 
metadata themeColor 
is configured in 
metadata export in 
/dashboard/profile. 
Please move it to 
viewport export 
instead.
Read more: https://nex
tjs.org/docs/app/api-r
eference/functions/gen
erate-viewport
 ΓÜá Unsupported 
metadata viewport is 
configured in 
metadata export in 
/dashboard/profile. 
Please move it to 
viewport export 
instead.
Read more: https://nex
tjs.org/docs/app/api-r
eference/functions/gen
erate-viewport
 ΓÜá Unsupported 
metadata themeColor 
is configured in 
metadata export in 
/dashboard/profile. 
Please move it to 
viewport export 
instead.
Read more: https://nex
tjs.org/docs/app/api-r
eference/functions/gen
erate-viewport
 ΓÜá Unsupported 
metadata viewport is 
configured in 
metadata export in 
/dashboard/profile. 
Please move it to 
viewport export 
instead.
Read more: https://nex
tjs.org/docs/app/api-r
eference/functions/gen
erate-viewport
 ΓÜá Unsupported 
metadata themeColor 
is configured in 
metadata export in 
/dashboard/history. 
Please move it to 
viewport export 
instead.
Read more: https://nex
tjs.org/docs/app/api-r
eference/functions/gen
erate-viewport
 ΓÜá Unsupported 
metadata viewport is 
configured in 
metadata export in 
/dashboard/history. 
Please move it to 
viewport export 
instead.
Read more: https://nex
tjs.org/docs/app/api-r
eference/functions/gen
erate-viewport
 ΓÜá Unsupported 
metadata themeColor 
is configured in 
metadata export in 
/dashboard/history. 
Please move it to 
viewport export 
instead.
Read more: https://nex
tjs.org/docs/app/api-r
eference/functions/gen
erate-viewport
 ΓÜá Unsupported 
metadata viewport is 
configured in 
metadata export in 
/dashboard/history. 
Please move it to 
viewport export 
instead.
Read more: https://nex
tjs.org/docs/app/api-r
eference/functions/gen
erate-viewport
 ΓÜá Unsupported 
metadata themeColor 
is configured in 
metadata export in 
/careers. Please move 
it to viewport export 
instead.
Read more: https://nex
tjs.org/docs/app/api-r
eference/functions/gen
erate-viewport
 ΓÜá Unsupported 
metadata viewport is 
configured in 
metadata export in 
/careers. Please move 
it to viewport export 
instead.
Read more: https://nex
tjs.org/docs/app/api-r
eference/functions/gen
erate-viewport
 ΓÜá Unsupported 
metadata themeColor 
is configured in 
metadata export in 
/careers. Please move 
it to viewport export 
instead.
Read more: https://nex
tjs.org/docs/app/api-r
eference/functions/gen
erate-viewport
 ΓÜá Unsupported 
metadata viewport is 
configured in 
metadata export in 
/careers. Please move 
it to viewport export 
instead.
Read more: https://nex
tjs.org/docs/app/api-r
eference/functions/gen
erate-viewport
 ΓÜá Unsupported 
metadata themeColor 
is configured in 
metadata export in 
/dashboard. Please 
move it to viewport 
export instead.
Read more: https://nex
tjs.org/docs/app/api-r
eference/functions/gen
erate-viewport
 ΓÜá Unsupported 
metadata viewport is 
configured in 
metadata export in 
/dashboard. Please 
move it to viewport 
export instead.
Read more: https://nex
tjs.org/docs/app/api-r
eference/functions/gen
erate-viewport
 ΓÜá Unsupported 
metadata themeColor 
is configured in 
metadata export in 
/dashboard. Please 
move it to viewport 
export instead.
Read more: https://nex
tjs.org/docs/app/api-r
eference/functions/gen
erate-viewport
 ΓÜá Unsupported 
metadata viewport is 
configured in 
metadata export in 
/dashboard. Please 
move it to viewport 
export instead.
Read more: https://nex
tjs.org/docs/app/api-r
eference/functions/gen
erate-viewport
 ΓÜá metadataBase 
property in metadata 
export is not set for 
resolving social open 
graph or twitter 
images, using "http://
localhost:3000". See h
ttps://nextjs.org/docs
/app/api-reference/fun
ctions/generate-metada
ta#metadatabase
 ΓÜá Unsupported 
metadata themeColor 
is configured in 
metadata export in 
/contact. Please move 
it to viewport export 
instead.
Read more: https://nex
tjs.org/docs/app/api-r
eference/functions/gen
erate-viewport
 ΓÜá Unsupported 
metadata viewport is 
configured in 
metadata export in 
/contact. Please move 
it to viewport export 
instead.
Read more: https://nex
tjs.org/docs/app/api-r
eference/functions/gen
erate-viewport
 ΓÜá Unsupported 
metadata themeColor 
is configured in 
metadata export in 
/contact. Please move 
it to viewport export 
instead.
Read more: https://nex
tjs.org/docs/app/api-r
eference/functions/gen
erate-viewport
 ΓÜá Unsupported 
metadata viewport is 
configured in 
metadata export in 
/contact. Please move 
it to viewport export 
instead.
Read more: https://nex
tjs.org/docs/app/api-r
eference/functions/gen
erate-viewport
 ΓÜá Unsupported 
metadata themeColor 
is configured in 
metadata export in /da
shboard/services/airti
me. Please move it to 
viewport export 
instead.
Read more: https://nex
tjs.org/docs/app/api-r
eference/functions/gen
erate-viewport
 ΓÜá Unsupported 
metadata viewport is 
configured in 
metadata export in /da
shboard/services/airti
me. Please move it to 
viewport export 
instead.
Read more: https://nex
tjs.org/docs/app/api-r
eference/functions/gen
erate-viewport
 ΓÜá Unsupported 
metadata themeColor 
is configured in 
metadata export in /da
shboard/services/airti
me. Please move it to 
viewport export 
instead.
Read more: https://nex
tjs.org/docs/app/api-r
eference/functions/gen
erate-viewport
 ΓÜá Unsupported 
metadata viewport is 
configured in 
metadata export in /da
shboard/services/airti
me. Please move it to 
viewport export 
instead.
Read more: https://nex
tjs.org/docs/app/api-r
eference/functions/gen
erate-viewport
 ΓÜá Unsupported 
metadata themeColor 
is configured in 
metadata export in /da
shboard/services/elect
ricity. Please move 
it to viewport export 
instead.
Read more: https://nex
tjs.org/docs/app/api-r
eference/functions/gen
erate-viewport
 ΓÜá Unsupported 
metadata viewport is 
configured in 
metadata export in /da
shboard/services/elect
ricity. Please move 
it to viewport export 
instead.
Read more: https://nex
tjs.org/docs/app/api-r
eference/functions/gen
erate-viewport
 ΓÜá Unsupported 
metadata themeColor 
is configured in 
metadata export in /da
shboard/services/elect
ricity. Please move 
it to viewport export 
instead.
Read more: https://nex
tjs.org/docs/app/api-r
eference/functions/gen
erate-viewport
 ΓÜá Unsupported 
metadata viewport is 
configured in 
metadata export in /da
shboard/services/elect
ricity. Please move 
it to viewport export 
instead.
Read more: https://nex
tjs.org/docs/app/api-r
eference/functions/gen
erate-viewport
 ΓÜá Unsupported 
metadata themeColor 
is configured in 
metadata export in /da
shboard/services/data.
 Please move it to 
viewport export 
instead.
Read more: https://nex
tjs.org/docs/app/api-r
eference/functions/gen
erate-viewport
 ΓÜá Unsupported 
metadata viewport is 
configured in 
metadata export in /da
shboard/services/data.
 Please move it to 
viewport export 
instead.
Read more: https://nex
tjs.org/docs/app/api-r
eference/functions/gen
erate-viewport
 ΓÜá Unsupported 
metadata themeColor 
is configured in 
metadata export in /da
shboard/services/data.
 Please move it to 
viewport export 
instead.
Read more: https://nex
tjs.org/docs/app/api-r
eference/functions/gen
erate-viewport
 ΓÜá Unsupported 
metadata viewport is 
configured in 
metadata export in /da
shboard/services/data.
 Please move it to 
viewport export 
instead.
Read more: https://nex
tjs.org/docs/app/api-r
eference/functions/gen
erate-viewport
 ΓÜá Unsupported 
metadata themeColor 
is configured in 
metadata export in 
/dashboard/referrals. 
Please move it to 
viewport export 
instead.
Read more: https://nex
tjs.org/docs/app/api-r
eference/functions/gen
erate-viewport
 ΓÜá Unsupported 
metadata viewport is 
configured in 
metadata export in 
/dashboard/referrals. 
Please move it to 
viewport export 
instead.
Read more: https://nex
tjs.org/docs/app/api-r
eference/functions/gen
erate-viewport
 ΓÜá Unsupported 
metadata themeColor 
is configured in 
metadata export in 
/dashboard/referrals. 
Please move it to 
viewport export 
instead.
Read more: https://nex
tjs.org/docs/app/api-r
eference/functions/gen
erate-viewport
 ΓÜá Unsupported 
metadata viewport is 
configured in 
metadata export in 
/dashboard/referrals. 
Please move it to 
viewport export 
instead.
Read more: https://nex
tjs.org/docs/app/api-r
eference/functions/gen
erate-viewport
 ΓÜá Unsupported 
metadata themeColor 
is configured in 
metadata export in 
/admin/config. Please 
move it to viewport 
export instead.
Read more: https://nex
tjs.org/docs/app/api-r
eference/functions/gen
erate-viewport
 ΓÜá Unsupported 
metadata viewport is 
configured in 
metadata export in 
/admin/config. Please 
move it to viewport 
export instead.
Read more: https://nex
tjs.org/docs/app/api-r
eference/functions/gen
erate-viewport
 ΓÜá Unsupported 
metadata themeColor 
is configured in 
metadata export in 
/admin/config. Please 
move it to viewport 
export instead.
Read more: https://nex
tjs.org/docs/app/api-r
eference/functions/gen
erate-viewport
 ΓÜá Unsupported 
metadata viewport is 
configured in 
metadata export in 
/admin/config. Please 
move it to viewport 
export instead.
Read more: https://nex
tjs.org/docs/app/api-r
eference/functions/gen
erate-viewport
 ΓÜá Unsupported 
metadata themeColor 
is configured in 
metadata export in /da
shboard/services/tv. 
Please move it to 
viewport export 
instead.
Read more: https://nex
tjs.org/docs/app/api-r
eference/functions/gen
erate-viewport
 ΓÜá Unsupported 
metadata viewport is 
configured in 
metadata export in /da
shboard/services/tv. 
Please move it to 
viewport export 
instead.
Read more: https://nex
tjs.org/docs/app/api-r
eference/functions/gen
erate-viewport
 ΓÜá Unsupported 
metadata themeColor 
is configured in 
metadata export in /da
shboard/services/tv. 
Please move it to 
viewport export 
instead.
Read more: https://nex
tjs.org/docs/app/api-r
eference/functions/gen
erate-viewport
 ΓÜá Unsupported 
metadata viewport is 
configured in 
metadata export in /da
shboard/services/tv. 
Please move it to 
viewport export 
instead.
Read more: https://nex
tjs.org/docs/app/api-r
eference/functions/gen
erate-viewport
 ΓÜá Unsupported 
metadata themeColor 
is configured in 
metadata export in 
/dashboard/services. 
Please move it to 
viewport export 
instead.
Read more: https://nex
tjs.org/docs/app/api-r
eference/functions/gen
erate-viewport
 ΓÜá Unsupported 
metadata viewport is 
configured in 
metadata export in 
/dashboard/services. 
Please move it to 
viewport export 
instead.
Read more: https://nex
tjs.org/docs/app/api-r
eference/functions/gen
erate-viewport
 ΓÜá Unsupported 
metadata themeColor 
is configured in 
metadata export in 
/dashboard/services. 
Please move it to 
viewport export 
instead.
Read more: https://nex
tjs.org/docs/app/api-r
eference/functions/gen
erate-viewport
 ΓÜá Unsupported 
metadata viewport is 
configured in 
metadata export in 
/dashboard/services. 
Please move it to 
viewport export 
instead.
Read more: https://nex
tjs.org/docs/app/api-r
eference/functions/gen
erate-viewport
   Generating static pages (19/39) 
 ΓÜá Unsupported 
metadata themeColor 
is configured in 
metadata export in /da
shboard/virtual-number
s. Please move it to 
viewport export 
instead.
Read more: https://nex
tjs.org/docs/app/api-r
eference/functions/gen
erate-viewport
 ΓÜá Unsupported 
metadata viewport is 
configured in 
metadata export in /da
shboard/virtual-number
s. Please move it to 
viewport export 
instead.
Read more: https://nex
tjs.org/docs/app/api-r
eference/functions/gen
erate-viewport
 ΓÜá Unsupported 
metadata themeColor 
is configured in 
metadata export in /da
shboard/virtual-number
s. Please move it to 
viewport export 
instead.
Read more: https://nex
tjs.org/docs/app/api-r
eference/functions/gen
erate-viewport
 ΓÜá Unsupported 
metadata viewport is 
configured in 
metadata export in /da
shboard/virtual-number
s. Please move it to 
viewport export 
instead.
Read more: https://nex
tjs.org/docs/app/api-r
eference/functions/gen
erate-viewport
 ΓÜá Unsupported 
metadata themeColor 
is configured in 
metadata export in /da
shboard/virtual-cards.
 Please move it to 
viewport export 
instead.
Read more: https://nex
tjs.org/docs/app/api-r
eference/functions/gen
erate-viewport
 ΓÜá Unsupported 
metadata viewport is 
configured in 
metadata export in /da
shboard/virtual-cards.
 Please move it to 
viewport export 
instead.
Read more: https://nex
tjs.org/docs/app/api-r
eference/functions/gen
erate-viewport
 ΓÜá Unsupported 
metadata themeColor 
is configured in 
metadata export in /da
shboard/virtual-cards.
 Please move it to 
viewport export 
instead.
Read more: https://nex
tjs.org/docs/app/api-r
eference/functions/gen
erate-viewport
 ΓÜá Unsupported 
metadata viewport is 
configured in 
metadata export in /da
shboard/virtual-cards.
 Please move it to 
viewport export 
instead.
Read more: https://nex
tjs.org/docs/app/api-r
eference/functions/gen
erate-viewport
 ΓÜá Unsupported 
metadata themeColor 
is configured in 
metadata export in 
/legal/terms. Please 
move it to viewport 
export instead.
Read more: https://nex
tjs.org/docs/app/api-r
eference/functions/gen
erate-viewport
 ΓÜá Unsupported 
metadata viewport is 
configured in 
metadata export in 
/legal/terms. Please 
move it to viewport 
export instead.
Read more: https://nex
tjs.org/docs/app/api-r
eference/functions/gen
erate-viewport
 ΓÜá Unsupported 
metadata themeColor 
is configured in 
metadata export in 
/legal/terms. Please 
move it to viewport 
export instead.
Read more: https://nex
tjs.org/docs/app/api-r
eference/functions/gen
erate-viewport
 ΓÜá Unsupported 
metadata viewport is 
configured in 
metadata export in 
/legal/terms. Please 
move it to viewport 
export instead.
Read more: https://nex
tjs.org/docs/app/api-r
eference/functions/gen
erate-viewport
 ΓÜá Unsupported 
metadata themeColor 
is configured in 
metadata export in /. 
Please move it to 
viewport export 
instead.
Read more: https://nex
tjs.org/docs/app/api-r
eference/functions/gen
erate-viewport
 ΓÜá Unsupported 
metadata viewport is 
configured in 
metadata export in /. 
Please move it to 
viewport export 
instead.
Read more: https://nex
tjs.org/docs/app/api-r
eference/functions/gen
erate-viewport
 ΓÜá Unsupported 
metadata themeColor 
is configured in 
metadata export in /. 
Please move it to 
viewport export 
instead.
Read more: https://nex
tjs.org/docs/app/api-r
eference/functions/gen
erate-viewport
 ΓÜá Unsupported 
metadata viewport is 
configured in 
metadata export in /. 
Please move it to 
viewport export 
instead.
Read more: https://nex
tjs.org/docs/app/api-r
eference/functions/gen
erate-viewport
 ΓÜá Unsupported 
metadata themeColor 
is configured in 
metadata export in 
/legal/privacy. 
Please move it to 
viewport export 
instead.
Read more: https://nex
tjs.org/docs/app/api-r
eference/functions/gen
erate-viewport
 ΓÜá Unsupported 
metadata viewport is 
configured in 
metadata export in 
/legal/privacy. 
Please move it to 
viewport export 
instead.
Read more: https://nex
tjs.org/docs/app/api-r
eference/functions/gen
erate-viewport
 ΓÜá Unsupported 
metadata themeColor 
is configured in 
metadata export in 
/legal/privacy. 
Please move it to 
viewport export 
instead.
Read more: https://nex
tjs.org/docs/app/api-r
eference/functions/gen
erate-viewport
 ΓÜá Unsupported 
metadata viewport is 
configured in 
metadata export in 
/legal/privacy. 
Please move it to 
viewport export 
instead.
Read more: https://nex
tjs.org/docs/app/api-r
eference/functions/gen
erate-viewport
 ΓÜá Unsupported 
metadata themeColor 
is configured in 
metadata export in 
/legal/refund. Please 
move it to viewport 
export instead.
Read more: https://nex
tjs.org/docs/app/api-r
eference/functions/gen
erate-viewport
 ΓÜá Unsupported 
metadata viewport is 
configured in 
metadata export in 
/legal/refund. Please 
move it to viewport 
export instead.
Read more: https://nex
tjs.org/docs/app/api-r
eference/functions/gen
erate-viewport
 ΓÜá Unsupported 
metadata themeColor 
is configured in 
metadata export in 
/legal/refund. Please 
move it to viewport 
export instead.
Read more: https://nex
tjs.org/docs/app/api-r
eference/functions/gen
erate-viewport
 ΓÜá Unsupported 
metadata viewport is 
configured in 
metadata export in 
/legal/refund. Please 
move it to viewport 
export instead.
Read more: https://nex
tjs.org/docs/app/api-r
eference/functions/gen
erate-viewport
 ΓÜá Unsupported 
metadata themeColor 
is configured in 
metadata export in /pr
oducts/airtime-data. 
Please move it to 
viewport export 
instead.
Read more: https://nex
tjs.org/docs/app/api-r
eference/functions/gen
erate-viewport
 ΓÜá Unsupported 
metadata viewport is 
configured in 
metadata export in /pr
oducts/airtime-data. 
Please move it to 
viewport export 
instead.
Read more: https://nex
tjs.org/docs/app/api-r
eference/functions/gen
erate-viewport
 ΓÜá Unsupported 
metadata themeColor 
is configured in 
metadata export in /pr
oducts/airtime-data. 
Please move it to 
viewport export 
instead.
Read more: https://nex
tjs.org/docs/app/api-r
eference/functions/gen
erate-viewport
 ΓÜá Unsupported 
metadata viewport is 
configured in 
metadata export in /pr
oducts/airtime-data. 
Please move it to 
viewport export 
instead.
Read more: https://nex
tjs.org/docs/app/api-r
eference/functions/gen
erate-viewport
   Generating static pages (29/39) 
 ΓÜá Unsupported 
metadata themeColor 
is configured in 
metadata export in 
/products/giftcards. 
Please move it to 
viewport export 
instead.
Read more: https://nex
tjs.org/docs/app/api-r
eference/functions/gen
erate-viewport
 ΓÜá Unsupported 
metadata viewport is 
configured in 
metadata export in 
/products/giftcards. 
Please move it to 
viewport export 
instead.
Read more: https://nex
tjs.org/docs/app/api-r
eference/functions/gen
erate-viewport
 ΓÜá Unsupported 
metadata themeColor 
is configured in 
metadata export in 
/products/giftcards. 
Please move it to 
viewport export 
instead.
Read more: https://nex
tjs.org/docs/app/api-r
eference/functions/gen
erate-viewport
 ΓÜá Unsupported 
metadata viewport is 
configured in 
metadata export in 
/products/giftcards. 
Please move it to 
viewport export 
instead.
Read more: https://nex
tjs.org/docs/app/api-r
eference/functions/gen
erate-viewport
 ΓÜá Unsupported 
metadata themeColor 
is configured in 
metadata export in /pr
oducts/bill-payment. 
Please move it to 
viewport export 
instead.
Read more: https://nex
tjs.org/docs/app/api-r
eference/functions/gen
erate-viewport
 ΓÜá Unsupported 
metadata viewport is 
configured in 
metadata export in /pr
oducts/bill-payment. 
Please move it to 
viewport export 
instead.
Read more: https://nex
tjs.org/docs/app/api-r
eference/functions/gen
erate-viewport
 ΓÜá Unsupported 
metadata themeColor 
is configured in 
metadata export in /pr
oducts/bill-payment. 
Please move it to 
viewport export 
instead.
Read more: https://nex
tjs.org/docs/app/api-r
eference/functions/gen
erate-viewport
 ΓÜá Unsupported 
metadata viewport is 
configured in 
metadata export in /pr
oducts/bill-payment. 
Please move it to 
viewport export 
instead.
Read more: https://nex
tjs.org/docs/app/api-r
eference/functions/gen
erate-viewport
 Γ¿» 
useSearchParams() 
should be wrapped in 
a suspense boundary 
at page "/products/bil
l-payment". Read 
more: https://nextjs.o
rg/docs/messages/missi
ng-suspense-with-csr-b
ailout
    at l 
(C:\Users\FECUND INTEG
RATED\Desktop\paybills
\frontend\.next\server
\chunks\8449.js:36:114
07)
    at c 
(C:\Users\FECUND INTEG
RATED\Desktop\paybills
\frontend\.next\server
\chunks\8449.js:36:223
57)
    at p 
(C:\Users\FECUND INTEG
RATED\Desktop\paybills
\frontend\.next\server
\app\products\bill-pay
ment\page.js:16:1755)
    at nj 
(C:\Users\FECUND INTEG
RATED\Desktop\paybills
\frontend\node_modules
\next\dist\compiled\ne
xt-server\app-page.run
time.prod.js:12:46251)
    at nM 
(C:\Users\FECUND INTEG
RATED\Desktop\paybills
\frontend\node_modules
\next\dist\compiled\ne
xt-server\app-page.run
time.prod.js:12:47571)
    at nN 
(C:\Users\FECUND INTEG
RATED\Desktop\paybills
\frontend\node_modules
\next\dist\compiled\ne
xt-server\app-page.run
time.prod.js:12:64546)
    at nI 
(C:\Users\FECUND INTEG
RATED\Desktop\paybills
\frontend\node_modules
\next\dist\compiled\ne
xt-server\app-page.run
time.prod.js:12:47010)
    at nM 
(C:\Users\FECUND INTEG
RATED\Desktop\paybills
\frontend\node_modules
\next\dist\compiled\ne
xt-server\app-page.run
time.prod.js:12:47717)
    at nM 
(C:\Users\FECUND INTEG
RATED\Desktop\paybills
\frontend\node_modules
\next\dist\compiled\ne
xt-server\app-page.run
time.prod.js:12:61546)
    at nN 
(C:\Users\FECUND INTEG
RATED\Desktop\paybills
\frontend\node_modules
\next\dist\compiled\ne
xt-server\app-page.run
time.prod.js:12:64546)

Error occurred 
prerendering page "/pr
oducts/bill-payment". 
Read more: https://nex
tjs.org/docs/messages/
prerender-error

 ΓÜá Unsupported 
metadata themeColor 
is configured in 
metadata export in 
/products/games. 
Please move it to 
viewport export 
instead.
Read more: https://nex
tjs.org/docs/app/api-r
eference/functions/gen
erate-viewport
 ΓÜá Unsupported 
metadata viewport is 
configured in 
metadata export in 
/products/games. 
Please move it to 
viewport export 
instead.
Read more: https://nex
tjs.org/docs/app/api-r
eference/functions/gen
erate-viewport
 ΓÜá Unsupported 
metadata themeColor 
is configured in 
metadata export in 
/products/games. 
Please move it to 
viewport export 
instead.
Read more: https://nex
tjs.org/docs/app/api-r
eference/functions/gen
erate-viewport
 ΓÜá Unsupported 
metadata viewport is 
configured in 
metadata export in 
/products/games. 
Please move it to 
viewport export 
instead.
Read more: https://nex
tjs.org/docs/app/api-r
eference/functions/gen
erate-viewport
 ΓÜá Unsupported 
metadata themeColor 
is configured in 
metadata export in 
/products/software. 
Please move it to 
viewport export 
instead.
Read more: https://nex
tjs.org/docs/app/api-r
eference/functions/gen
erate-viewport
 ΓÜá Unsupported 
metadata viewport is 
configured in 
metadata export in 
/products/software. 
Please move it to 
viewport export 
instead.
Read more: https://nex
tjs.org/docs/app/api-r
eference/functions/gen
erate-viewport
 ΓÜá Unsupported 
metadata themeColor 
is configured in 
metadata export in 
/products/software. 
Please move it to 
viewport export 
instead.
Read more: https://nex
tjs.org/docs/app/api-r
eference/functions/gen
erate-viewport
 ΓÜá Unsupported 
metadata viewport is 
configured in 
metadata export in 
/products/software. 
Please move it to 
viewport export 
instead.
Read more: https://nex
tjs.org/docs/app/api-r
eference/functions/gen
erate-viewport
 ΓÜá Unsupported 
metadata themeColor 
is configured in 
metadata export in 
/products/education. 
Please move it to 
viewport export 
instead.
Read more: https://nex
tjs.org/docs/app/api-r
eference/functions/gen
erate-viewport
 ΓÜá Unsupported 
metadata viewport is 
configured in 
metadata export in 
/products/education. 
Please move it to 
viewport export 
instead.
Read more: https://nex
tjs.org/docs/app/api-r
eference/functions/gen
erate-viewport
 ΓÜá Unsupported 
metadata themeColor 
is configured in 
metadata export in 
/products/education. 
Please move it to 
viewport export 
instead.
Read more: https://nex
tjs.org/docs/app/api-r
eference/functions/gen
erate-viewport
 ΓÜá Unsupported 
metadata viewport is 
configured in 
metadata export in 
/products/education. 
Please move it to 
viewport export 
instead.
Read more: https://nex
tjs.org/docs/app/api-r
eference/functions/gen
erate-viewport
 ΓÜá Unsupported 
metadata themeColor 
is configured in 
metadata export in 
/products/betting. 
Please move it to 
viewport export 
instead.
Read more: https://nex
tjs.org/docs/app/api-r
eference/functions/gen
erate-viewport
 ΓÜá Unsupported 
metadata viewport is 
configured in 
metadata export in 
/products/betting. 
Please move it to 
viewport export 
instead.
Read more: https://nex
tjs.org/docs/app/api-r
eference/functions/gen
erate-viewport
 ΓÜá Unsupported 
metadata themeColor 
is configured in 
metadata export in 
/products/betting. 
Please move it to 
viewport export 
instead.
Read more: https://nex
tjs.org/docs/app/api-r
eference/functions/gen
erate-viewport
 ΓÜá Unsupported 
metadata viewport is 
configured in 
metadata export in 
/products/betting. 
Please move it to 
viewport export 
instead.
Read more: https://nex
tjs.org/docs/app/api-r
eference/functions/gen
erate-viewport
 ΓÜá Unsupported 
metadata themeColor 
is configured in 
metadata export in 
/products. Please 
move it to viewport 
export instead.
Read more: https://nex
tjs.org/docs/app/api-r
eference/functions/gen
erate-viewport
 ΓÜá Unsupported 
metadata viewport is 
configured in 
metadata export in 
/products. Please 
move it to viewport 
export instead.
Read more: https://nex
tjs.org/docs/app/api-r
eference/functions/gen
erate-viewport
 ΓÜá Unsupported 
metadata themeColor 
is configured in 
metadata export in 
/products. Please 
move it to viewport 
export instead.
Read more: https://nex
tjs.org/docs/app/api-r
eference/functions/gen
erate-viewport
 ΓÜá Unsupported 
metadata viewport is 
configured in 
metadata export in 
/products. Please 
move it to viewport 
export instead.
Read more: https://nex
tjs.org/docs/app/api-r
eference/functions/gen
erate-viewport
 ΓÜá Unsupported 
metadata themeColor 
is configured in 
metadata export in /pr
oducts/virtual-cards. 
Please move it to 
viewport export 
instead.
Read more: https://nex
tjs.org/docs/app/api-r
eference/functions/gen
erate-viewport
 ΓÜá Unsupported 
metadata viewport is 
configured in 
metadata export in /pr
oducts/virtual-cards. 
Please move it to 
viewport export 
instead.
Read more: https://nex
tjs.org/docs/app/api-r
eference/functions/gen
erate-viewport
 ΓÜá Unsupported 
metadata themeColor 
is configured in 
metadata export in /pr
oducts/virtual-cards. 
Please move it to 
viewport export 
instead.
Read more: https://nex
tjs.org/docs/app/api-r
eference/functions/gen
erate-viewport
 ΓÜá Unsupported 
metadata viewport is 
configured in 
metadata export in /pr
oducts/virtual-cards. 
Please move it to 
viewport export 
instead.
Read more: https://nex
tjs.org/docs/app/api-r
eference/functions/gen
erate-viewport
 ΓÜá Unsupported 
metadata themeColor 
is configured in 
metadata export in 
/about. Please move 
it to viewport export 
instead.
Read more: https://nex
tjs.org/docs/app/api-r
eference/functions/gen
erate-viewport
 ΓÜá Unsupported 
metadata viewport is 
configured in 
metadata export in 
/about. Please move 
it to viewport export 
instead.
Read more: https://nex
tjs.org/docs/app/api-r
eference/functions/gen
erate-viewport
 ΓÜá Unsupported 
metadata themeColor 
is configured in 
metadata export in 
/about. Please move 
it to viewport export 
instead.
Read more: https://nex
tjs.org/docs/app/api-r
eference/functions/gen
erate-viewport
 ΓÜá Unsupported 
metadata viewport is 
configured in 
metadata export in 
/about. Please move 
it to viewport export 
instead.
Read more: https://nex
tjs.org/docs/app/api-r
eference/functions/gen
erate-viewport
 Γ£ô Generating static pages (39/39)

> Export encountered 
errors on following 
paths:
	/products/bill-paymen
t/page: 
/products/bill-payment
